###############################################################################
#
# IAR ELF Linker V9.50.1.380/W64 for ARM                  03/Oct/2024  15:46:50
# Copyright 2007-2023 IAR Systems AB.
#
#    Output file  =
#        C:\Users\HP\Desktop\Office_Clock\Updated
#        code\OFFICE_CLOCK_SURYA\OFFICE_CLOCK_SURYA\EWARM\OFFICE_CLOCK_SURYA\Exe\OFFICE_CLOCK_SURYA.out
#    Map file     =
#        C:\Users\HP\Desktop\Office_Clock\Updated
#        code\OFFICE_CLOCK_SURYA\OFFICE_CLOCK_SURYA\EWARM\OFFICE_CLOCK_SURYA\List\OFFICE_CLOCK_SURYA.map
#    Command line =
#        -f "C:\Users\HP\Desktop\Office_Clock\Updated
#        code\OFFICE_CLOCK_SURYA\OFFICE_CLOCK_SURYA\EWARM\OFFICE_CLOCK_SURYA\Exe\OFFICE_CLOCK_SURYA.out.rsp"
#        ("C:\Users\HP\Desktop\Office_Clock\Updated
#        code\OFFICE_CLOCK_SURYA\OFFICE_CLOCK_SURYA\EWARM\OFFICE_CLOCK_SURYA\Obj\Core_13247989168731456611.dir\App_Init.o"
#        "C:\Users\HP\Desktop\Office_Clock\Updated
#        code\OFFICE_CLOCK_SURYA\OFFICE_CLOCK_SURYA\EWARM\OFFICE_CLOCK_SURYA\Obj\Core_13247989168731456611.dir\App_RAM.o"
#        "C:\Users\HP\Desktop\Office_Clock\Updated
#        code\OFFICE_CLOCK_SURYA\OFFICE_CLOCK_SURYA\EWARM\OFFICE_CLOCK_SURYA\Obj\Core_13247989168731456611.dir\gpio.o"
#        "C:\Users\HP\Desktop\Office_Clock\Updated
#        code\OFFICE_CLOCK_SURYA\OFFICE_CLOCK_SURYA\EWARM\OFFICE_CLOCK_SURYA\Obj\Core_13247989168731456611.dir\I2C_RTC.o"
#        "C:\Users\HP\Desktop\Office_Clock\Updated
#        code\OFFICE_CLOCK_SURYA\OFFICE_CLOCK_SURYA\EWARM\OFFICE_CLOCK_SURYA\Obj\Core_13247989168731456611.dir\iwdg.o"
#        "C:\Users\HP\Desktop\Office_Clock\Updated
#        code\OFFICE_CLOCK_SURYA\OFFICE_CLOCK_SURYA\EWARM\OFFICE_CLOCK_SURYA\Obj\Core_13247989168731456611.dir\main.o"
#        "C:\Users\HP\Desktop\Office_Clock\Updated
#        code\OFFICE_CLOCK_SURYA\OFFICE_CLOCK_SURYA\EWARM\OFFICE_CLOCK_SURYA\Obj\Core_13247989168731456611.dir\Misc_Functions.o"
#        "C:\Users\HP\Desktop\Office_Clock\Updated
#        code\OFFICE_CLOCK_SURYA\OFFICE_CLOCK_SURYA\EWARM\OFFICE_CLOCK_SURYA\Obj\Core_13247989168731456611.dir\rtc.o"
#        "C:\Users\HP\Desktop\Office_Clock\Updated
#        code\OFFICE_CLOCK_SURYA\OFFICE_CLOCK_SURYA\EWARM\OFFICE_CLOCK_SURYA\Obj\EWARM_18443280873093131863.dir\startup_stm32g030xx.o"
#        "C:\Users\HP\Desktop\Office_Clock\Updated
#        code\OFFICE_CLOCK_SURYA\OFFICE_CLOCK_SURYA\EWARM\OFFICE_CLOCK_SURYA\Obj\STM32G0xx_HAL_Driver_14800413719917403617.dir\stm32g0xx_hal.o"
#        "C:\Users\HP\Desktop\Office_Clock\Updated
#        code\OFFICE_CLOCK_SURYA\OFFICE_CLOCK_SURYA\EWARM\OFFICE_CLOCK_SURYA\Obj\STM32G0xx_HAL_Driver_14800413719917403617.dir\stm32g0xx_hal_cortex.o"
#        "C:\Users\HP\Desktop\Office_Clock\Updated
#        code\OFFICE_CLOCK_SURYA\OFFICE_CLOCK_SURYA\EWARM\OFFICE_CLOCK_SURYA\Obj\STM32G0xx_HAL_Driver_14800413719917403617.dir\stm32g0xx_hal_dma.o"
#        "C:\Users\HP\Desktop\Office_Clock\Updated
#        code\OFFICE_CLOCK_SURYA\OFFICE_CLOCK_SURYA\EWARM\OFFICE_CLOCK_SURYA\Obj\STM32G0xx_HAL_Driver_14800413719917403617.dir\stm32g0xx_hal_dma_ex.o"
#        "C:\Users\HP\Desktop\Office_Clock\Updated
#        code\OFFICE_CLOCK_SURYA\OFFICE_CLOCK_SURYA\EWARM\OFFICE_CLOCK_SURYA\Obj\STM32G0xx_HAL_Driver_14800413719917403617.dir\stm32g0xx_hal_exti.o"
#        "C:\Users\HP\Desktop\Office_Clock\Updated
#        code\OFFICE_CLOCK_SURYA\OFFICE_CLOCK_SURYA\EWARM\OFFICE_CLOCK_SURYA\Obj\STM32G0xx_HAL_Driver_14800413719917403617.dir\stm32g0xx_hal_flash.o"
#        "C:\Users\HP\Desktop\Office_Clock\Updated
#        code\OFFICE_CLOCK_SURYA\OFFICE_CLOCK_SURYA\EWARM\OFFICE_CLOCK_SURYA\Obj\STM32G0xx_HAL_Driver_14800413719917403617.dir\stm32g0xx_hal_flash_ex.o"
#        "C:\Users\HP\Desktop\Office_Clock\Updated
#        code\OFFICE_CLOCK_SURYA\OFFICE_CLOCK_SURYA\EWARM\OFFICE_CLOCK_SURYA\Obj\STM32G0xx_HAL_Driver_14800413719917403617.dir\stm32g0xx_hal_gpio.o"
#        "C:\Users\HP\Desktop\Office_Clock\Updated
#        code\OFFICE_CLOCK_SURYA\OFFICE_CLOCK_SURYA\EWARM\OFFICE_CLOCK_SURYA\Obj\Core_13247989168731456611.dir\stm32g0xx_hal_msp.o"
#        "C:\Users\HP\Desktop\Office_Clock\Updated
#        code\OFFICE_CLOCK_SURYA\OFFICE_CLOCK_SURYA\EWARM\OFFICE_CLOCK_SURYA\Obj\STM32G0xx_HAL_Driver_14800413719917403617.dir\stm32g0xx_hal_pwr.o"
#        "C:\Users\HP\Desktop\Office_Clock\Updated
#        code\OFFICE_CLOCK_SURYA\OFFICE_CLOCK_SURYA\EWARM\OFFICE_CLOCK_SURYA\Obj\STM32G0xx_HAL_Driver_14800413719917403617.dir\stm32g0xx_hal_pwr_ex.o"
#        "C:\Users\HP\Desktop\Office_Clock\Updated
#        code\OFFICE_CLOCK_SURYA\OFFICE_CLOCK_SURYA\EWARM\OFFICE_CLOCK_SURYA\Obj\STM32G0xx_HAL_Driver_14800413719917403617.dir\stm32g0xx_hal_rcc.o"
#        "C:\Users\HP\Desktop\Office_Clock\Updated
#        code\OFFICE_CLOCK_SURYA\OFFICE_CLOCK_SURYA\EWARM\OFFICE_CLOCK_SURYA\Obj\STM32G0xx_HAL_Driver_14800413719917403617.dir\stm32g0xx_hal_rcc_ex.o"
#        "C:\Users\HP\Desktop\Office_Clock\Updated
#        code\OFFICE_CLOCK_SURYA\OFFICE_CLOCK_SURYA\EWARM\OFFICE_CLOCK_SURYA\Obj\STM32G0xx_HAL_Driver_14800413719917403617.dir\stm32g0xx_hal_rtc.o"
#        "C:\Users\HP\Desktop\Office_Clock\Updated
#        code\OFFICE_CLOCK_SURYA\OFFICE_CLOCK_SURYA\EWARM\OFFICE_CLOCK_SURYA\Obj\STM32G0xx_HAL_Driver_14800413719917403617.dir\stm32g0xx_hal_rtc_ex.o"
#        "C:\Users\HP\Desktop\Office_Clock\Updated
#        code\OFFICE_CLOCK_SURYA\OFFICE_CLOCK_SURYA\EWARM\OFFICE_CLOCK_SURYA\Obj\STM32G0xx_HAL_Driver_14800413719917403617.dir\stm32g0xx_hal_tim.o"
#        "C:\Users\HP\Desktop\Office_Clock\Updated
#        code\OFFICE_CLOCK_SURYA\OFFICE_CLOCK_SURYA\EWARM\OFFICE_CLOCK_SURYA\Obj\STM32G0xx_HAL_Driver_14800413719917403617.dir\stm32g0xx_hal_tim_ex.o"
#        "C:\Users\HP\Desktop\Office_Clock\Updated
#        code\OFFICE_CLOCK_SURYA\OFFICE_CLOCK_SURYA\EWARM\OFFICE_CLOCK_SURYA\Obj\Core_13247989168731456611.dir\stm32g0xx_it.o"
#        "C:\Users\HP\Desktop\Office_Clock\Updated
#        code\OFFICE_CLOCK_SURYA\OFFICE_CLOCK_SURYA\EWARM\OFFICE_CLOCK_SURYA\Obj\STM32G0xx_HAL_Driver_14800413719917403617.dir\stm32g0xx_ll_dma.o"
#        "C:\Users\HP\Desktop\Office_Clock\Updated
#        code\OFFICE_CLOCK_SURYA\OFFICE_CLOCK_SURYA\EWARM\OFFICE_CLOCK_SURYA\Obj\STM32G0xx_HAL_Driver_14800413719917403617.dir\stm32g0xx_ll_exti.o"
#        "C:\Users\HP\Desktop\Office_Clock\Updated
#        code\OFFICE_CLOCK_SURYA\OFFICE_CLOCK_SURYA\EWARM\OFFICE_CLOCK_SURYA\Obj\STM32G0xx_HAL_Driver_14800413719917403617.dir\stm32g0xx_ll_gpio.o"
#        "C:\Users\HP\Desktop\Office_Clock\Updated
#        code\OFFICE_CLOCK_SURYA\OFFICE_CLOCK_SURYA\EWARM\OFFICE_CLOCK_SURYA\Obj\STM32G0xx_HAL_Driver_14800413719917403617.dir\stm32g0xx_ll_rcc.o"
#        "C:\Users\HP\Desktop\Office_Clock\Updated
#        code\OFFICE_CLOCK_SURYA\OFFICE_CLOCK_SURYA\EWARM\OFFICE_CLOCK_SURYA\Obj\STM32G0xx_HAL_Driver_14800413719917403617.dir\stm32g0xx_ll_usart.o"
#        "C:\Users\HP\Desktop\Office_Clock\Updated
#        code\OFFICE_CLOCK_SURYA\OFFICE_CLOCK_SURYA\EWARM\OFFICE_CLOCK_SURYA\Obj\STM32G0xx_HAL_Driver_14800413719917403617.dir\stm32g0xx_ll_utils.o"
#        "C:\Users\HP\Desktop\Office_Clock\Updated
#        code\OFFICE_CLOCK_SURYA\OFFICE_CLOCK_SURYA\EWARM\OFFICE_CLOCK_SURYA\Obj\Core_13247989168731456611.dir\SW_I2C.o"
#        "C:\Users\HP\Desktop\Office_Clock\Updated
#        code\OFFICE_CLOCK_SURYA\OFFICE_CLOCK_SURYA\EWARM\OFFICE_CLOCK_SURYA\Obj\CMSIS_6603591812247902717.dir\system_stm32g0xx.o"
#        "C:\Users\HP\Desktop\Office_Clock\Updated
#        code\OFFICE_CLOCK_SURYA\OFFICE_CLOCK_SURYA\EWARM\OFFICE_CLOCK_SURYA\Obj\Core_13247989168731456611.dir\tim.o"
#        "C:\Users\HP\Desktop\Office_Clock\Updated
#        code\OFFICE_CLOCK_SURYA\OFFICE_CLOCK_SURYA\EWARM\OFFICE_CLOCK_SURYA\Obj\Core_13247989168731456611.dir\usart.o"
#        --no_out_extension -o "C:\Users\HP\Desktop\Office_Clock\Updated
#        code\OFFICE_CLOCK_SURYA\OFFICE_CLOCK_SURYA\EWARM\OFFICE_CLOCK_SURYA\Exe\OFFICE_CLOCK_SURYA.out"
#        --redirect _Printf=_PrintfFullNoMb --redirect _Scanf=_ScanfFullNoMb
#        --map "C:\Users\HP\Desktop\Office_Clock\Updated
#        code\OFFICE_CLOCK_SURYA\OFFICE_CLOCK_SURYA\EWARM\OFFICE_CLOCK_SURYA\List\OFFICE_CLOCK_SURYA.map"
#        --config "C:\Users\HP\Desktop\Office_Clock\Updated
#        code\OFFICE_CLOCK_SURYA\OFFICE_CLOCK_SURYA\EWARM/stm32g030xx_flash.icf"
#        --semihosting --entry __iar_program_start --vfe --text_out locale
#        --cpu=Cortex-M0+ --fpu=None) --dependencies=n
#        "C:\Users\HP\Desktop\Office_Clock\Updated
#        code\OFFICE_CLOCK_SURYA\OFFICE_CLOCK_SURYA\EWARM\OFFICE_CLOCK_SURYA\Exe\OFFICE_CLOCK_SURYA.out.iar_deps"
#
###############################################################################

*******************************************************************************
*** RUNTIME MODEL ATTRIBUTES
***

CppFlavor       = *
__CPP_Runtime   = 1
__SystemLibrary = DLib
__dlib_version  = 6


*******************************************************************************
*** HEAP SELECTION
***

The basic heap was selected because --advanced_heap
was not specified and the application did not appear to
be primarily optimized for speed.


*******************************************************************************
*** PLACEMENT SUMMARY
***

"A0":  place at address 0x800'0000 { ro section .intvec };
"P1":  place in [from 0x800'0000 to 0x800'ffff] { ro };
define block CSTACK with size = 1K, alignment = 8 { };
define block HEAP with size = 512, alignment = 8 { };
"P2":  place in [from 0x2000'0000 to 0x2000'1fff] {
          rw, block CSTACK, block HEAP };
initialize by copy { rw };

  Section            Kind         Address  Aligment    Size  Object
  -------            ----         -------  --------    ----  ------
"A0":                                                  0xc0
  .intvec            ro code   0x800'0000         4    0xc0  startup_stm32g030xx.o [3]
                             - 0x800'00c0              0xc0

"P1":                                                0x391e
  .text              ro code   0x800'00c0         4  0x1280  Misc_Functions.o [2]
  .text              ro code   0x800'1340         4   0x110  I2C_RTC.o [2]
  .text              ro code   0x800'1450         2    0xe0  I32DivModFast.o [6]
  .text              ro code   0x800'1530         4    0x4e  ABImemset.o [6]
  .text              ro code   0x800'157e         2     0x2  startup_stm32g030xx.o [3]
  .text              ro code   0x800'1580         4   0x448  stm32g0xx_hal_rtc.o [4]
  Veneer             ro code   0x800'19c8         4    0x10  - Linker created -
  .text              ro code   0x800'19d8         4   0x184  stm32g0xx_hal_flash.o [4]
  .text              ro code   0x800'1b5c         4    0xd0  stm32g0xx_hal_flash_ex.o [4]
  .text              ro code   0x800'1c2c         4   0x1a4  SW_I2C.o [2]
  .text              ro code   0x800'1dd0         4     0x2  IntDivZer.o [6]
  .text              ro code   0x800'1dd2         2     0x2  startup_stm32g030xx.o [3]
  .text              ro code   0x800'1dd4         4   0x100  rtc.o [2]
  .text              ro code   0x800'1ed4         4     0xc  stm32g0xx_hal.o [4]
  .text              ro code   0x800'1ee0         4   0x134  stm32g0xx_ll_gpio.o [4]
  .text              ro code   0x800'2014         4   0x21a  main.o [2]
  .text              ro code   0x800'222e         2     0x2  startup_stm32g030xx.o [3]
  .text              ro code   0x800'2230         4   0x1ac  stm32g0xx_hal_rcc_ex.o [4]
  .text              ro code   0x800'23dc         4   0x1c0  App_Init.o [2]
  .text              ro code   0x800'259c         4    0x30  stm32g0xx_hal.o [4]
  .text              ro code   0x800'25cc         4    0x7c  iwdg.o [2]
  .text              ro code   0x800'2648         4   0x128  gpio.o [2]
  .text              ro code   0x800'2770         4   0x1e4  usart.o [2]
  .text              ro code   0x800'2954         4    0xb0  tim.o [2]
  .text              ro code   0x800'2a04         4     0xc  stm32g0xx_ll_utils.o [4]
  .text              ro code   0x800'2a10         4    0x64  stm32g0xx_hal.o [4]
  .text              ro code   0x800'2a74         4    0x34  stm32g0xx_hal_msp.o [2]
  .text              ro code   0x800'2aa8         4   0x158  stm32g0xx_ll_usart.o [4]
  .text              ro code   0x800'2c00         4   0x488  stm32g0xx_hal_tim.o [4]
  .text              ro code   0x800'3088         4    0x78  stm32g0xx_hal_tim_ex.o [4]
  .text              ro code   0x800'3100         4   0x11c  stm32g0xx_hal_cortex.o [4]
  .text              ro code   0x800'321c         4   0x1c8  stm32g0xx_ll_rcc.o [4]
  .text              ro code   0x800'33e4         2     0x2  stm32g0xx_hal_tim.o [4]
  .text              ro code   0x800'33e6         2     0x2  stm32g0xx_hal_tim.o [4]
  .text              ro code   0x800'33e8         2     0x2  stm32g0xx_hal_tim.o [4]
  .text              ro code   0x800'33ea         2     0x2  stm32g0xx_hal_tim.o [4]
  .text              ro code   0x800'33ec         2     0x2  stm32g0xx_hal_tim_ex.o [4]
  .text              ro code   0x800'33ee         2     0x2  stm32g0xx_hal_tim_ex.o [4]
  .text              ro code   0x800'33f0         2     0x2  stm32g0xx_hal_tim.o [4]
  .text              ro code   0x800'33f2         2     0x2  stm32g0xx_hal_tim_ex.o [4]
  .text              ro code   0x800'33f4         4   0x29c  stm32g0xx_it.o [2]
  .text              ro code   0x800'3690         4    0x18  stm32g0xx_hal.o [4]
  .text              ro code   0x800'36a8         2    0x2e  strstr.o [5]
  .text              ro code   0x800'36d6         2     0x2  startup_stm32g030xx.o [3]
  .text              ro code   0x800'36d8         4    0x74  strcpy.o [6]
  .text              ro code   0x800'374c         4    0x12  strchr.o [6]
  .text              ro code   0x800'375e         2     0x2  startup_stm32g030xx.o [3]
  Initializer bytes  const     0x800'3760         4    0x50  <for P2-1>
  .text              ro code   0x800'37b0         2     0x2  startup_stm32g030xx.o [3]
  .rodata            const     0x800'37b4         4    0x40  App_RAM.o [2]
  .rodata            const     0x800'37f4         4    0x40  system_stm32g0xx.o [1]
  .text              ro code   0x800'3834         2    0x3c  zero_init3.o [6]
  .rodata            const     0x800'3870         4    0x30  stm32g0xx_ll_usart.o [4]
  .text              ro code   0x800'38a0         2    0x30  copy_init3.o [6]
  .text              ro code   0x800'38d0         4    0x2a  data_init.o [6]
  .iar.init_table    const     0x800'38fc         4    0x24  - Linker created -
  .text              ro code   0x800'3920         2     0x2  startup_stm32g030xx.o [3]
  .rodata            const     0x800'3924         4    0x20  system_stm32g0xx.o [1]
  .text              ro code   0x800'3944         4    0x1e  cmain.o [6]
  .text              ro code   0x800'3962         2     0x4  low_level_init.o [5]
  .text              ro code   0x800'3966         2     0x8  exit.o [5]
  .text              ro code   0x800'396e         2     0x2  startup_stm32g030xx.o [3]
  .text              ro code   0x800'3970         4     0xa  cexit.o [6]
  .text              ro code   0x800'397a         2     0x2  startup_stm32g030xx.o [3]
  .text              ro code   0x800'397c         4    0x14  exit.o [7]
  .text              ro code   0x800'3990         4    0x1c  cstartup_M.o [6]
  .text              ro code   0x800'39ac         4    0x10  startup_stm32g030xx.o [3]
  .rodata            const     0x800'39bc         4     0x8  stm32g0xx_it.o [2]
  .text              ro code   0x800'39c4         2     0x2  startup_stm32g030xx.o [3]
  .text              ro code   0x800'39c6         2     0x2  startup_stm32g030xx.o [3]
  .text              ro code   0x800'39c8         2     0x2  startup_stm32g030xx.o [3]
  .text              ro code   0x800'39ca         2     0x2  startup_stm32g030xx.o [3]
  .text              ro code   0x800'39cc         2     0x2  startup_stm32g030xx.o [3]
  .text              ro code   0x800'39ce         2     0x2  startup_stm32g030xx.o [3]
  .text              ro code   0x800'39d0         2     0x2  startup_stm32g030xx.o [3]
  .text              ro code   0x800'39d2         2     0x2  startup_stm32g030xx.o [3]
  .text              ro code   0x800'39d4         2     0x2  startup_stm32g030xx.o [3]
  .text              ro code   0x800'39d6         2     0x2  startup_stm32g030xx.o [3]
  .text              ro code   0x800'39d8         2     0x2  startup_stm32g030xx.o [3]
  .text              ro code   0x800'39dc         4     0x2  system_stm32g0xx.o [1]
  .rodata            const     0x800'39de               0x0  zero_init3.o [6]
  .rodata            const     0x800'39de               0x0  copy_init3.o [6]
                             - 0x800'39de            0x391e

"P2", part 1 of 3:                                     0x50
  P2-1                        0x2000'0000         4    0x4d  <Init block>
    .data            inited   0x2000'0000         4     0x4  stm32g0xx_hal.o [4]
    .data            inited   0x2000'0004         4     0x4  system_stm32g0xx.o [1]
    .textrw          inited   0x2000'0008         4    0x44  stm32g0xx_hal_flash.o [4]
    .data            inited   0x2000'004c               0x1  stm32g0xx_hal.o [4]
                            - 0x2000'004d              0x4d

"P2", part 2 of 3:                                    0x288
  .bss               zero     0x2000'0050         4    0x98  App_RAM.o [2]
  .bss               zero     0x2000'00e8         4    0x64  App_RAM.o [2]
  .bss               zero     0x2000'014c         4    0x64  App_RAM.o [2]
  .bss               zero     0x2000'01b0         4    0x4c  tim.o [2]
  .bss               zero     0x2000'01fc         4    0x2c  rtc.o [2]
  .bss               zero     0x2000'0228         4    0x1c  App_RAM.o [2]
  .bss               zero     0x2000'0244         4    0x1c  stm32g0xx_hal_flash.o [4]
  .bss               zero     0x2000'0260         4    0x14  App_RAM.o [2]
  .bss               zero     0x2000'0274         4     0x8  App_RAM.o [2]
  .bss               zero     0x2000'027c         4     0x4  App_RAM.o [2]
  .bss               zero     0x2000'0280         4     0x4  App_RAM.o [2]
  .bss               zero     0x2000'0284         4     0x4  stm32g0xx_hal.o [4]
  .bss               zero     0x2000'0288         2     0x2  App_RAM.o [2]
  .bss               zero     0x2000'028a         2     0x2  App_RAM.o [2]
  .bss               zero     0x2000'028c         2     0x2  App_RAM.o [2]
  .bss               zero     0x2000'028e         2     0x2  App_RAM.o [2]
  .bss               zero     0x2000'0290         2     0x2  App_RAM.o [2]
  .bss               zero     0x2000'0292         2     0x2  App_RAM.o [2]
  .bss               zero     0x2000'0294         2     0x2  stm32g0xx_it.o [2]
  .bss               zero     0x2000'0296               0x1  App_RAM.o [2]
  .bss               zero     0x2000'0297               0x1  App_RAM.o [2]
  .bss               zero     0x2000'0298               0x1  App_RAM.o [2]
  .bss               zero     0x2000'0299               0x1  App_RAM.o [2]
  .bss               zero     0x2000'029a               0x1  App_RAM.o [2]
  .bss               zero     0x2000'029b               0x1  App_RAM.o [2]
  .bss               zero     0x2000'029c               0x1  App_RAM.o [2]
  .bss               zero     0x2000'029d               0x1  App_RAM.o [2]
  .bss               zero     0x2000'029e               0x1  App_RAM.o [2]
  .bss               zero     0x2000'029f               0x1  App_RAM.o [2]
  .bss               zero     0x2000'02a0               0x1  App_RAM.o [2]
  .bss               zero     0x2000'02a1               0x1  App_RAM.o [2]
  .bss               zero     0x2000'02a2               0x1  App_RAM.o [2]
  .bss               zero     0x2000'02a3               0x1  App_RAM.o [2]
  .bss               zero     0x2000'02a4               0x1  App_RAM.o [2]
  .bss               zero     0x2000'02a5               0x1  App_RAM.o [2]
  .bss               zero     0x2000'02a6               0x1  App_RAM.o [2]
  .bss               zero     0x2000'02a7               0x1  App_RAM.o [2]
  .bss               zero     0x2000'02a8               0x1  App_RAM.o [2]
  .bss               zero     0x2000'02a9               0x1  App_RAM.o [2]
  .bss               zero     0x2000'02aa               0x1  App_RAM.o [2]
  .bss               zero     0x2000'02ab               0x1  App_RAM.o [2]
  .bss               zero     0x2000'02ac               0x1  App_RAM.o [2]
  .bss               zero     0x2000'02ad               0x1  App_RAM.o [2]
  .bss               zero     0x2000'02ae               0x1  App_RAM.o [2]
  .bss               zero     0x2000'02af               0x1  App_RAM.o [2]
  .bss               zero     0x2000'02b0               0x1  App_RAM.o [2]
  .bss               zero     0x2000'02b1               0x1  App_RAM.o [2]
  .bss               zero     0x2000'02b2               0x1  App_RAM.o [2]
  .bss               zero     0x2000'02b3               0x1  App_RAM.o [2]
  .bss               zero     0x2000'02b4               0x1  App_RAM.o [2]
  .bss               zero     0x2000'02b5               0x1  App_RAM.o [2]
  .bss               zero     0x2000'02b6               0x1  App_RAM.o [2]
  .bss               zero     0x2000'02b7               0x1  App_RAM.o [2]
  .bss               zero     0x2000'02b8               0x1  App_RAM.o [2]
  .bss               zero     0x2000'02b9               0x1  App_RAM.o [2]
  .bss               zero     0x2000'02ba               0x1  App_RAM.o [2]
  .bss               zero     0x2000'02bb               0x1  App_RAM.o [2]
  .bss               zero     0x2000'02bc               0x1  App_RAM.o [2]
  .bss               zero     0x2000'02bd               0x1  App_RAM.o [2]
  .bss               zero     0x2000'02be               0x1  App_RAM.o [2]
  .bss               zero     0x2000'02bf               0x1  App_RAM.o [2]
  .bss               zero     0x2000'02c0               0x1  App_RAM.o [2]
  .bss               zero     0x2000'02c1               0x1  App_RAM.o [2]
  .bss               zero     0x2000'02c2               0x1  App_RAM.o [2]
  .bss               zero     0x2000'02c3               0x1  App_RAM.o [2]
  .bss               zero     0x2000'02c4               0x1  App_RAM.o [2]
  .bss               zero     0x2000'02c5               0x1  App_RAM.o [2]
  .bss               zero     0x2000'02c6               0x1  App_RAM.o [2]
  .bss               zero     0x2000'02c7               0x1  App_RAM.o [2]
  .bss               zero     0x2000'02c8               0x1  App_RAM.o [2]
  .bss               zero     0x2000'02c9               0x1  App_RAM.o [2]
  .bss               zero     0x2000'02ca               0x1  App_RAM.o [2]
  .bss               zero     0x2000'02cb               0x1  App_RAM.o [2]
  .bss               zero     0x2000'02cc               0x1  App_RAM.o [2]
  .bss               zero     0x2000'02cd               0x1  App_RAM.o [2]
  .bss               zero     0x2000'02ce               0x1  App_RAM.o [2]
  .bss               zero     0x2000'02cf               0x1  App_RAM.o [2]
  .bss               zero     0x2000'02d0               0x1  App_RAM.o [2]
  .bss               zero     0x2000'02d1               0x1  App_RAM.o [2]
  .bss               zero     0x2000'02d2               0x1  App_RAM.o [2]
  .bss               zero     0x2000'02d3               0x1  App_RAM.o [2]
  .bss               zero     0x2000'02d4               0x1  stm32g0xx_it.o [2]
                            - 0x2000'02d5             0x285

"P2", part 3 of 3:                                    0x400
  CSTACK                      0x2000'02d8         8   0x400  <Block>
    CSTACK           uninit   0x2000'02d8             0x400  <Block tail>
                            - 0x2000'06d8             0x400

Unused ranges:

         From           To    Size
         ----           --    ----
   0x800'39de   0x800'ffff  0xc622
  0x2000'06d8  0x2000'1fff  0x1928


*******************************************************************************
*** INIT TABLE
***

          Address      Size
          -------      ----
Zero (__iar_zero_init3)
    1 destination range, total size 0x285:
          0x2000'0050  0x285

Copy (__iar_copy_init3)
    1 source range, total size 0x50 (103% of destination):
           0x800'3760   0x50
    1 destination range, total size 0x4d:
          0x2000'0000   0x4d



*******************************************************************************
*** MODULE SUMMARY
***

    Module                    ro code  rw code  ro data  rw data
    ------                    -------  -------  -------  -------
command line/config:
    ------------------------------------------------------------
    Total:

C:\Users\HP\Desktop\Office_Clock\Updated code\OFFICE_CLOCK_SURYA\OFFICE_CLOCK_SURYA\EWARM\OFFICE_CLOCK_SURYA\Obj\CMSIS_6603591812247902717.dir: [1]
    system_stm32g0xx.o              2               100        4
    ------------------------------------------------------------
    Total:                          2               100        4

C:\Users\HP\Desktop\Office_Clock\Updated code\OFFICE_CLOCK_SURYA\OFFICE_CLOCK_SURYA\EWARM\OFFICE_CLOCK_SURYA\Obj\Core_13247989168731456611.dir: [2]
    App_Init.o                    448
    App_RAM.o                                        64      490
    I2C_RTC.o                     272
    Misc_Functions.o            4'736
    SW_I2C.o                      420
    gpio.o                        296
    iwdg.o                        124
    main.o                        538
    rtc.o                         256                         44
    stm32g0xx_hal_msp.o            52
    stm32g0xx_it.o                668                 8        3
    tim.o                         176                         76
    usart.o                       484
    ------------------------------------------------------------
    Total:                      8'470                72      613

C:\Users\HP\Desktop\Office_Clock\Updated code\OFFICE_CLOCK_SURYA\OFFICE_CLOCK_SURYA\EWARM\OFFICE_CLOCK_SURYA\Obj\EWARM_18443280873093131863.dir: [3]
    startup_stm32g030xx.o         248
    ------------------------------------------------------------
    Total:                        248

C:\Users\HP\Desktop\Office_Clock\Updated code\OFFICE_CLOCK_SURYA\OFFICE_CLOCK_SURYA\EWARM\OFFICE_CLOCK_SURYA\Obj\STM32G0xx_HAL_Driver_14800413719917403617.dir: [4]
    stm32g0xx_hal.o               184                 5        9
    stm32g0xx_hal_cortex.o        284
    stm32g0xx_hal_flash.o         388       68       68       28
    stm32g0xx_hal_flash_ex.o      208
    stm32g0xx_hal_rcc_ex.o        428
    stm32g0xx_hal_rtc.o         1'096
    stm32g0xx_hal_tim.o         1'170
    stm32g0xx_hal_tim_ex.o        126
    stm32g0xx_ll_gpio.o           308
    stm32g0xx_ll_rcc.o            456
    stm32g0xx_ll_usart.o          344                48
    stm32g0xx_ll_utils.o           12
    ------------------------------------------------------------
    Total:                      5'004       68      121       37

dl6M_tlf.a: [5]
    exit.o                          8
    low_level_init.o                4
    strstr.o                       46
    ------------------------------------------------------------
    Total:                         58

rt6M_tl.a: [6]
    ABImemset.o                    78
    I32DivModFast.o               224
    IntDivZer.o                     2
    cexit.o                        10
    cmain.o                        30
    copy_init3.o                   48
    cstartup_M.o                   28
    data_init.o                    42
    strchr.o                       18
    strcpy.o                      116
    zero_init3.o                   60
    ------------------------------------------------------------
    Total:                        656

shb_l.a: [7]
    exit.o                         20
    ------------------------------------------------------------
    Total:                         20

    Gaps                            2                 6
    Linker created                 16                39    1'024
----------------------------------------------------------------
    Grand Total:               14'476       68      338    1'678


*******************************************************************************
*** ENTRY LIST
***

Entry                       Address   Size  Type      Object
-----                       -------   ----  ----      ------
.iar.init_table$$Base    0x800'38fc          --   Gb  - Linker created -
.iar.init_table$$Limit   0x800'3920          --   Gb  - Linker created -
?main                    0x800'3945         Code  ??  cmain.o [6]
ADC1_IRQHandler          0x800'39c7         Code  Wk  startup_stm32g030xx.o [3]
AHBPrescTable            0x800'37f4   0x40  Data  ??  system_stm32g0xx.o [1]
APBPrescTable            0x800'3924   0x20  Data  ??  system_stm32g0xx.o [1]
BitMap_DATA              0x800'37b4   0x40  Data  ??  App_RAM.o [2]
BoardAddress            0x2000'02d1    0x1  Data  ??  App_RAM.o [2]
CSTACK$$Base            0x2000'02d8          --   Gb  - Linker created -
CSTACK$$Limit           0x2000'06d8          --   ??  - Linker created -
Clock_Mode              0x2000'02b3    0x1  Data  ??  App_RAM.o [2]
Comm_TimeOut            0x2000'02b1    0x1  Data  ??  App_RAM.o [2]
DISABLE_CLOCK            0x800'0673   0x10  Code  ??  Misc_Functions.o [2]
DISP_HH                 0x2000'02b7    0x1  Data  ??  App_RAM.o [2]
DMA1_Ch4_5_DMAMUX1_OVR_IRQHandler
                         0x800'39c5         Code  Wk  startup_stm32g030xx.o [3]
DMA1_Channel1_IRQHandler
                         0x800'396f         Code  Wk  startup_stm32g030xx.o [3]
DMA1_Channel2_3_IRQHandler
                         0x800'397b         Code  Wk  startup_stm32g030xx.o [3]
DayInt                  0x2000'02c9    0x1  Data  ??  App_RAM.o [2]
DayInt_Com              0x2000'02cb    0x1  Data  ??  App_RAM.o [2]
DayInt_self             0x2000'02ca    0x1  Data  ??  App_RAM.o [2]
Delay_1us                0x800'1c3f   0x1e  Code  ??  SW_I2C.o [2]
Delay_Cycles             0x800'0665    0xe  Code  ??  Misc_Functions.o [2]
DigitCount              0x2000'02d2    0x1  Data  ??  App_RAM.o [2]
DisplayData             0x2000'028e    0x2  Data  ??  App_RAM.o [2]
Display_RAM             0x2000'0274    0x8  Data  ??  App_RAM.o [2]
DutyCycle               0x2000'02cf    0x1  Data  ??  App_RAM.o [2]
Duty_Count              0x2000'02d3    0x1  Data  ??  App_RAM.o [2]
EXTI0_1_IRQHandler       0x800'375f         Code  Wk  startup_stm32g030xx.o [3]
EXTI2_3_IRQHandler       0x800'37b1         Code  Wk  startup_stm32g030xx.o [3]
EXTI4_15_IRQHandler      0x800'3921         Code  Wk  startup_stm32g030xx.o [3]
Error_Handler            0x800'2229    0x6  Code  ??  main.o [2]
FLASH_IRQHandler         0x800'222f         Code  Wk  startup_stm32g030xx.o [3]
FLASH_MassErase          0x800'1bf5   0x10  Code  Lc  stm32g0xx_hal_flash_ex.o [4]
FLASH_PageErase          0x800'1c05   0x18  Code  ??  stm32g0xx_hal_flash_ex.o [4]
FLASH_Program_DoubleWord
                         0x800'1b23   0x1a  Code  Lc  stm32g0xx_hal_flash.o [4]
FLASH_Program_Fast      0x2000'0009   0x44  Code  Lc  stm32g0xx_hal_flash.o [4]
FLASH_WaitForLastOperation
                         0x800'1ab9   0x6a  Code  ??  stm32g0xx_hal_flash.o [4]
Flag_1224               0x2000'02a8    0x1  Data  ??  App_RAM.o [2]
Flag_1224_Com           0x2000'02a0    0x1  Data  ??  App_RAM.o [2]
Flag_1224_self          0x2000'029f    0x1  Data  ??  App_RAM.o [2]
Flag_CheckTime          0x2000'02ae    0x1  Data  ??  App_RAM.o [2]
Flag_Communication      0x2000'0299    0x1  Data  ??  App_RAM.o [2]
Flag_DataReady          0x2000'02ac    0x1  Data  ??  App_RAM.o [2]
Flag_DigitScan          0x2000'02a4    0x1  Data  ??  App_RAM.o [2]
Flag_GPSActive          0x2000'02aa    0x1  Data  ??  App_RAM.o [2]
Flag_GPSDataReady       0x2000'02ad    0x1  Data  ??  App_RAM.o [2]
Flag_GPSFix             0x2000'029a    0x1  Data  ??  App_RAM.o [2]
Flag_Init               0x2000'02af    0x1  Data  ??  App_RAM.o [2]
Flag_Intensity          0x2000'02a9    0x1  Data  ??  App_RAM.o [2]
Flag_Key1224            0x2000'029e    0x1  Data  ??  App_RAM.o [2]
Flag_KeyPrg             0x2000'029d    0x1  Data  ??  App_RAM.o [2]
Flag_Keyscan            0x2000'029b    0x1  Data  ??  App_RAM.o [2]
Flag_Prog               0x2000'02a7    0x1  Data  ??  App_RAM.o [2]
Flag_RCVActive          0x2000'02ab    0x1  Data  ??  App_RAM.o [2]
Flag_RCVDataReady       0x2000'02b0    0x1  Data  ??  App_RAM.o [2]
Flag_SLAVE              0x2000'02a6    0x1  Data  ??  App_RAM.o [2]
Flag_Second             0x2000'02a1    0x1  Data  ??  App_RAM.o [2]
Flag_SegReady           0x2000'02a3    0x1  Data  ??  App_RAM.o [2]
Flag_SegUpdate          0x2000'02a5    0x1  Data  ??  App_RAM.o [2]
Flag_TGL                0x2000'0297    0x1  Data  ??  App_RAM.o [2]
Flag_Tim_tick           0x2000'0298    0x1  Data  ??  App_RAM.o [2]
Flag_Toggle             0x2000'02a2    0x1  Data  ??  App_RAM.o [2]
Flag_mTick              0x2000'029c    0x1  Data  ??  App_RAM.o [2]
GNSS_Buffer             0x2000'0050   0x98  Data  ??  App_RAM.o [2]
GPS_DataIn              0x2000'00e8   0x64  Data  ??  App_RAM.o [2]
GPS_FailTime            0x2000'0294    0x2  Data  ??  stm32g0xx_it.o [2]
GPS_HH                  0x2000'02b8    0x1  Data  ??  App_RAM.o [2]
GPS_MM                  0x2000'02b9    0x1  Data  ??  App_RAM.o [2]
GPS_SS                  0x2000'02ba    0x1  Data  ??  App_RAM.o [2]
GP_Counter              0x2000'0292    0x2  Data  ??  App_RAM.o [2]
GP_Timer                 0x800'06c9  0x29c  Code  ??  Misc_Functions.o [2]
GetPage                  0x800'0cbd    0xa  Code  ??  Misc_Functions.o [2]
Get_Config               0x800'0afb   0xa2  Code  ??  Misc_Functions.o [2]
HAL_FLASHEx_Erase        0x800'1b5d   0x98  Code  ??  stm32g0xx_hal_flash_ex.o [4]
HAL_FLASH_Lock           0x800'1a67   0x28  Code  ??  stm32g0xx_hal_flash.o [4]
HAL_FLASH_OB_Lock        0x800'1a8f   0x2a  Code  ??  stm32g0xx_hal_flash.o [4]
HAL_FLASH_Program        0x800'19d9   0x6a  Code  ??  stm32g0xx_hal_flash.o [4]
HAL_FLASH_Unlock         0x800'1a43   0x24  Code  ??  stm32g0xx_hal_flash.o [4]
HAL_GetTick              0x800'1ed5    0xc  Code  Wk  stm32g0xx_hal.o [4]
HAL_IncTick              0x800'3691   0x18  Code  Wk  stm32g0xx_hal.o [4]
HAL_Init                 0x800'259d   0x2a  Code  ??  stm32g0xx_hal.o [4]
HAL_InitTick             0x800'2a11   0x64  Code  Wk  stm32g0xx_hal.o [4]
HAL_MspInit              0x800'2a75   0x34  Code  ??  stm32g0xx_hal_msp.o [2]
HAL_NVIC_EnableIRQ       0x800'31eb    0xe  Code  ??  stm32g0xx_hal_cortex.o [4]
HAL_NVIC_SetPriority     0x800'31d7   0x14  Code  ??  stm32g0xx_hal_cortex.o [4]
HAL_RCCEx_PeriphCLKConfig
                         0x800'2231  0x17e  Code  ??  stm32g0xx_hal_rcc_ex.o [4]
HAL_RTC_GetTime          0x800'175b   0x62  Code  ??  stm32g0xx_hal_rtc.o [4]
HAL_RTC_Init             0x800'1581   0xd2  Code  ??  stm32g0xx_hal_rtc.o [4]
HAL_RTC_MspInit          0x800'1e6d   0x58  Code  ??  rtc.o [2]
HAL_RTC_SetDate          0x800'17c5   0xda  Code  ??  stm32g0xx_hal_rtc.o [4]
HAL_RTC_SetTime          0x800'1653  0x108  Code  ??  stm32g0xx_hal_rtc.o [4]
HAL_RTC_WaitForSynchro   0x800'18ad   0x2c  Code  ??  stm32g0xx_hal_rtc.o [4]
HAL_SYSTICK_Config       0x800'31f9    0xc  Code  ??  stm32g0xx_hal_cortex.o [4]
HAL_TIMEx_Break2Callback
                         0x800'33ef    0x2  Code  Wk  stm32g0xx_hal_tim_ex.o [4]
HAL_TIMEx_BreakCallback
                         0x800'33ed    0x2  Code  Wk  stm32g0xx_hal_tim_ex.o [4]
HAL_TIMEx_CommutCallback
                         0x800'33f3    0x2  Code  Wk  stm32g0xx_hal_tim_ex.o [4]
HAL_TIMEx_MasterConfigSynchronization
                         0x800'3089   0x6a  Code  ??  stm32g0xx_hal_tim_ex.o [4]
HAL_TIM_Base_Init        0x800'2c01   0x64  Code  ??  stm32g0xx_hal_tim.o [4]
HAL_TIM_Base_MspInit     0x800'29c9   0x30  Code  ??  tim.o [2]
HAL_TIM_Base_Start_IT    0x800'2c65   0x62  Code  ??  stm32g0xx_hal_tim.o [4]
HAL_TIM_ConfigClockSource
                         0x800'2e69  0x100  Code  ??  stm32g0xx_hal_tim.o [4]
HAL_TIM_IC_CaptureCallback
                         0x800'33e5    0x2  Code  Wk  stm32g0xx_hal_tim.o [4]
HAL_TIM_IRQHandler       0x800'2cd5  0x18c  Code  ??  stm32g0xx_hal_tim.o [4]
HAL_TIM_OC_DelayElapsedCallback
                         0x800'33e7    0x2  Code  Wk  stm32g0xx_hal_tim.o [4]
HAL_TIM_PWM_PulseFinishedCallback
                         0x800'33e9    0x2  Code  Wk  stm32g0xx_hal_tim.o [4]
HAL_TIM_PeriodElapsedCallback
                         0x800'33eb    0x2  Code  Wk  stm32g0xx_hal_tim.o [4]
HAL_TIM_TriggerCallback
                         0x800'33f1    0x2  Code  Wk  stm32g0xx_hal_tim.o [4]
HardFault_Handler        0x800'3421    0x4  Code  ??  stm32g0xx_it.o [2]
I2C1_IRQHandler          0x800'39d3         Code  Wk  startup_stm32g030xx.o [3]
I2C2_IRQHandler          0x800'39d5         Code  Wk  startup_stm32g030xx.o [3]
I2C_ACK                  0x800'1cf7   0x1a  Code  ??  SW_I2C.o [2]
I2C_START                0x800'1cb7   0x20  Code  ??  SW_I2C.o [2]
I2C_STOP                 0x800'1cd7   0x20  Code  ??  SW_I2C.o [2]
INIT_APP                 0x800'23ef  0x166  Code  ??  App_Init.o [2]
INIT_RTC                 0x800'1341   0x2a  Code  ??  I2C_RTC.o [2]
INIT_SW_I2C              0x800'1c5d   0x5a  Code  ??  SW_I2C.o [2]
Key                     0x2000'0296    0x1  Data  ??  App_RAM.o [2]
KeyPad_Functionality     0x800'0cc9  0x450  Code  ??  Misc_Functions.o [2]
Key_Entry               0x2000'02c7    0x1  Data  ??  App_RAM.o [2]
Key_Function             0x800'09cd  0x12e  Code  ??  Misc_Functions.o [2]
Key_Scan                 0x800'00d3  0x124  Code  ??  Misc_Functions.o [2]
LED_Color               0x2000'02b6    0x1  Data  ??  App_RAM.o [2]
LL_APB1_GRP1_EnableClock
                         0x800'2815   0x16  Code  Lc  usart.o [2]
LL_FLASH_GetLatency      0x800'20cb    0xa  Code  Lc  main.o [2]
LL_FLASH_SetLatency      0x800'20bd    0xe  Code  Lc  main.o [2]
LL_GPIO_Init             0x800'1f9b   0x7a  Code  ??  stm32g0xx_ll_gpio.o [4]
LL_GPIO_IsInputPinSet    0x800'23dd   0x12  Code  Lc  App_Init.o [2]
LL_GPIO_IsInputPinSet    0x800'00c1   0x12  Code  Lc  Misc_Functions.o [2]
LL_GPIO_IsInputPinSet    0x800'1c2d   0x12  Code  Lc  SW_I2C.o [2]
LL_GPIO_SetAFPin_0_7     0x800'1f47   0x24  Code  Lc  stm32g0xx_ll_gpio.o [4]
LL_GPIO_SetAFPin_8_15    0x800'1f6b   0x30  Code  Lc  stm32g0xx_ll_gpio.o [4]
LL_GPIO_SetPinMode       0x800'1ee1   0x1c  Code  Lc  stm32g0xx_ll_gpio.o [4]
LL_GPIO_SetPinOutputType
                         0x800'1efd   0x12  Code  Lc  stm32g0xx_ll_gpio.o [4]
LL_GPIO_SetPinPull       0x800'1f2b   0x1c  Code  Lc  stm32g0xx_ll_gpio.o [4]
LL_GPIO_SetPinSpeed      0x800'1f0f   0x1c  Code  Lc  stm32g0xx_ll_gpio.o [4]
LL_IOP_GRP1_EnableClock
                         0x800'2649   0x16  Code  Lc  gpio.o [2]
LL_IOP_GRP1_EnableClock
                         0x800'282b   0x16  Code  Lc  usart.o [2]
LL_IWDG_Enable           0x800'25cd    0x6  Code  Lc  iwdg.o [2]
LL_IWDG_EnableWriteAccess
                         0x800'25d9    0x6  Code  Lc  iwdg.o [2]
LL_IWDG_IsReady          0x800'25ef   0x14  Code  Lc  iwdg.o [2]
LL_IWDG_ReloadCounter    0x800'25d3    0x6  Code  Lc  iwdg.o [2]
LL_IWDG_ReloadCounter    0x800'20e3    0x6  Code  Lc  main.o [2]
LL_IWDG_SetPrescaler     0x800'25df    0x8  Code  Lc  iwdg.o [2]
LL_IWDG_SetReloadCounter
                         0x800'25e7    0x8  Code  Lc  iwdg.o [2]
LL_PWR_EnableBkUpAccess
                         0x800'20d5    0xe  Code  Lc  main.o [2]
LL_RCC_GetAHBPrescaler   0x800'323f    0xc  Code  Lc  stm32g0xx_ll_rcc.o [4]
LL_RCC_GetAPB1Prescaler
                         0x800'324b    0xc  Code  Lc  stm32g0xx_ll_rcc.o [4]
LL_RCC_GetSysClkSource   0x800'2055    0xa  Code  Lc  main.o [2]
LL_RCC_GetSysClkSource   0x800'3235    0xa  Code  Lc  stm32g0xx_ll_rcc.o [4]
LL_RCC_GetSystemClocksFreq
                         0x800'328d   0x1c  Code  ??  stm32g0xx_ll_rcc.o [4]
LL_RCC_GetUSARTClockFreq
                         0x800'32a9   0x58  Code  ??  stm32g0xx_ll_rcc.o [4]
LL_RCC_GetUSARTClockSource
                         0x800'3257    0xc  Code  Lc  stm32g0xx_ll_rcc.o [4]
LL_RCC_HSE_Enable        0x800'2015    0xe  Code  Lc  main.o [2]
LL_RCC_HSE_IsReady       0x800'2023    0xc  Code  Lc  main.o [2]
LL_RCC_HSI_IsReady       0x800'321d    0xc  Code  Lc  stm32g0xx_ll_rcc.o [4]
LL_RCC_LSE_IsReady       0x800'3229    0xc  Code  Lc  stm32g0xx_ll_rcc.o [4]
LL_RCC_LSI_Enable        0x800'202f    0xc  Code  Lc  main.o [2]
LL_RCC_LSI_IsReady       0x800'203b    0xc  Code  Lc  main.o [2]
LL_RCC_PLL_ConfigDomain_SYS
                         0x800'2095   0x1a  Code  Lc  main.o [2]
LL_RCC_PLL_Enable        0x800'207b    0xe  Code  Lc  main.o [2]
LL_RCC_PLL_EnableDomain_SYS
                         0x800'20af    0xe  Code  Lc  main.o [2]
LL_RCC_PLL_GetDivider    0x800'3283    0xa  Code  Lc  stm32g0xx_ll_rcc.o [4]
LL_RCC_PLL_GetMainSource
                         0x800'3279    0xa  Code  Lc  stm32g0xx_ll_rcc.o [4]
LL_RCC_PLL_GetN          0x800'3263    0xc  Code  Lc  stm32g0xx_ll_rcc.o [4]
LL_RCC_PLL_GetR          0x800'326f    0xa  Code  Lc  stm32g0xx_ll_rcc.o [4]
LL_RCC_PLL_IsReady       0x800'2089    0xc  Code  Lc  main.o [2]
LL_RCC_SetAHBPrescaler   0x800'205f    0xe  Code  Lc  main.o [2]
LL_RCC_SetAPB1Prescaler
                         0x800'206d    0xe  Code  Lc  main.o [2]
LL_RCC_SetSysClkSource   0x800'2047    0xe  Code  Lc  main.o [2]
LL_SetSystemCoreClock    0x800'2a05    0x6  Code  ??  stm32g0xx_ll_utils.o [4]
LL_USART_ClearFlag_FE    0x800'3405    0x6  Code  Lc  stm32g0xx_it.o [2]
LL_USART_ClearFlag_IDLE
                         0x800'3411    0x6  Code  Lc  stm32g0xx_it.o [2]
LL_USART_ClearFlag_ORE   0x800'340b    0x6  Code  Lc  stm32g0xx_it.o [2]
LL_USART_ClearFlag_PE    0x800'33ff    0x6  Code  Lc  stm32g0xx_it.o [2]
LL_USART_ClearFlag_TC    0x800'3417    0x6  Code  Lc  stm32g0xx_it.o [2]
LL_USART_ConfigAsyncMode
                         0x800'284b   0x12  Code  Lc  usart.o [2]
LL_USART_Enable          0x800'2841    0xa  Code  Lc  usart.o [2]
LL_USART_EnableIT_RXNE_RXFNE
                         0x800'2871   0x18  Code  Lc  usart.o [2]
LL_USART_Init            0x800'2b55   0x8e  Code  ??  stm32g0xx_ll_usart.o [4]
LL_USART_IsActiveFlag_REACK
                         0x800'2867    0xa  Code  Lc  usart.o [2]
LL_USART_IsActiveFlag_RXNE_RXFNE
                         0x800'33f5    0xa  Code  Lc  stm32g0xx_it.o [2]
LL_USART_IsActiveFlag_TEACK
                         0x800'285d    0xa  Code  Lc  usart.o [2]
LL_USART_IsEnabled       0x800'2aa9    0xa  Code  Lc  stm32g0xx_ll_usart.o [4]
LL_USART_SetBaudRate     0x800'2adb   0x7a  Code  Lc  stm32g0xx_ll_usart.o [4]
LL_USART_SetHWFlowCtrl   0x800'2acf    0xc  Code  Lc  stm32g0xx_ll_usart.o [4]
LL_USART_SetPrescaler    0x800'2ab3   0x10  Code  Lc  stm32g0xx_ll_usart.o [4]
LL_USART_SetStopBitsLength
                         0x800'2ac3    0xc  Code  Lc  stm32g0xx_ll_usart.o [4]
MST_HH                  0x2000'02be    0x1  Data  ??  App_RAM.o [2]
MST_MM                  0x2000'02bf    0x1  Data  ??  App_RAM.o [2]
MST_SS                  0x2000'02c0    0x1  Data  ??  App_RAM.o [2]
MX_GPIO_Init             0x800'265f  0x106  Code  ??  gpio.o [2]
MX_IWDG_Init             0x800'2603   0x32  Code  ??  iwdg.o [2]
MX_RTC_Init              0x800'1dd5   0x98  Code  ??  rtc.o [2]
MX_TIM3_Init             0x800'2955   0x74  Code  ??  tim.o [2]
MX_USART2_UART_Init      0x800'2889   0xae  Code  ??  usart.o [2]
Manage_RcvData           0x800'0595   0xd0  Code  ??  Misc_Functions.o [2]
ModeCounter             0x2000'02b4    0x1  Data  ??  App_RAM.o [2]
NMI_Handler              0x800'341d    0x4  Code  ??  stm32g0xx_it.o [2]
NextDigit               0x2000'02d0    0x1  Data  ??  App_RAM.o [2]
NightInt                0x2000'02cc    0x1  Data  ??  App_RAM.o [2]
NightInt_Com            0x2000'02ce    0x1  Data  ??  App_RAM.o [2]
NightInt_self           0x2000'02cd    0x1  Data  ??  App_RAM.o [2]
Old_SS                  0x2000'02c6    0x1  Data  ??  App_RAM.o [2]
PRG_HH                  0x2000'02c4    0x1  Data  ??  App_RAM.o [2]
PRG_MM                  0x2000'02c5    0x1  Data  ??  App_RAM.o [2]
PendSV_Handler           0x800'3427    0x2  Code  ??  stm32g0xx_it.o [2]
Prog_State              0x2000'02c8    0x1  Data  ??  App_RAM.o [2]
Program_Clock            0x800'020d   0x28  Code  ??  Misc_Functions.o [2]
Program_Mode             0x800'0235  0x340  Code  ??  Misc_Functions.o [2]
RCC_GetHCLKClockFreq     0x800'3345   0x20  Code  Lc  stm32g0xx_ll_rcc.o [4]
RCC_GetPCLK1ClockFreq    0x800'3369   0x1c  Code  Lc  stm32g0xx_ll_rcc.o [4]
RCC_GetSystemClockFreq   0x800'3311   0x34  Code  Lc  stm32g0xx_ll_rcc.o [4]
RCC_IRQHandler           0x800'36d7         Code  Wk  startup_stm32g030xx.o [3]
RCC_PLL_GetFreqDomain_SYS
                         0x800'3389   0x48  Code  Lc  stm32g0xx_ll_rcc.o [4]
RCV_HH                  0x2000'02bb    0x1  Data  ??  App_RAM.o [2]
RCV_MM                  0x2000'02bc    0x1  Data  ??  App_RAM.o [2]
RCV_SS                  0x2000'02bd    0x1  Data  ??  App_RAM.o [2]
RTC_Bcd2ToByte           0x800'19a3   0x14  Code  ??  stm32g0xx_hal_rtc.o [4]
RTC_ByteToBcd2           0x800'1985   0x1e  Code  ??  stm32g0xx_hal_rtc.o [4]
RTC_Count               0x2000'0280    0x4  Data  ??  App_RAM.o [2]
RTC_EnterInitMode        0x800'18d9   0x52  Code  ??  stm32g0xx_hal_rtc.o [4]
RTC_ExitInitMode         0x800'192d   0x56  Code  ??  stm32g0xx_hal_rtc.o [4]
RTC_TAMP_IRQHandler      0x800'1dd3         Code  Wk  startup_stm32g030xx.o [3]
RcvInput                0x2000'027c    0x4  Data  ??  App_RAM.o [2]
Rcv_DataIn              0x2000'014c   0x64  Data  ??  App_RAM.o [2]
ReCheck_Time            0x2000'02b5    0x1  Data  ??  App_RAM.o [2]
Read_RTC                 0x800'13db   0x66  Code  ??  I2C_RTC.o [2]
Region$$Table$$Base      0x800'38fc          --   ??  - Linker created -
Region$$Table$$Limit     0x800'3920          --   ??  - Linker created -
Reset_Handler            0x800'39ad         Code  Wk  startup_stm32g030xx.o [3]
SLV_HH                  0x2000'02c1    0x1  Data  ??  App_RAM.o [2]
SLV_MM                  0x2000'02c2    0x1  Data  ??  App_RAM.o [2]
SLV_SS                  0x2000'02c3    0x1  Data  ??  App_RAM.o [2]
SPI1_IRQHandler          0x800'39d7         Code  Wk  startup_stm32g030xx.o [3]
SPI2_IRQHandler          0x800'39d9         Code  Wk  startup_stm32g030xx.o [3]
SVC_Handler              0x800'3425    0x2  Code  ??  stm32g0xx_it.o [2]
SYSTEM_INIT              0x800'213d   0x28  Code  ??  main.o [2]
Save_Time               0x2000'02b2    0x1  Data  ??  App_RAM.o [2]
Scan_Display             0x800'1141  0x1ae  Code  ??  Misc_Functions.o [2]
Scan_Time               0x2000'0290    0x2  Data  ??  App_RAM.o [2]
Sec_Tick                0x2000'028c    0x2  Data  ??  App_RAM.o [2]
SegMult                 0x2000'028a    0x2  Data  ??  App_RAM.o [2]
Serial_In                0x800'1d65   0x5a  Code  ??  SW_I2C.o [2]
Serial_Out               0x800'1d11   0x54  Code  ??  SW_I2C.o [2]
SysTick_Config           0x800'31a5   0x32  Code  Lc  stm32g0xx_hal_cortex.o [4]
SysTick_Handler          0x800'3429  0x14c  Code  ??  stm32g0xx_it.o [2]
SystemClock_Config       0x800'2165   0x7a  Code  ??  main.o [2]
SystemCoreClock         0x2000'0004    0x4  Data  ??  system_stm32g0xx.o [1]
SystemInit               0x800'39dd    0x2  Code  ??  system_stm32g0xx.o [1]
TIM14_IRQHandler         0x800'39cd         Code  Wk  startup_stm32g030xx.o [3]
TIM16_IRQHandler         0x800'39cf         Code  Wk  startup_stm32g030xx.o [3]
TIM17_IRQHandler         0x800'39d1         Code  Wk  startup_stm32g030xx.o [3]
TIM1_BRK_UP_TRG_COM_IRQHandler
                         0x800'39c9         Code  Wk  startup_stm32g030xx.o [3]
TIM1_CC_IRQHandler       0x800'39cb         Code  Wk  startup_stm32g030xx.o [3]
TIM3_IRQHandler          0x800'3575   0x10  Code  ??  stm32g0xx_it.o [2]
TIM_Base_SetConfig       0x800'2f71   0x7a  Code  ??  stm32g0xx_hal_tim.o [4]
TIM_ETR_SetConfig        0x800'3063   0x16  Code  ??  stm32g0xx_hal_tim.o [4]
TIM_ITRx_SetConfig       0x800'3051   0x10  Code  Lc  stm32g0xx_hal_tim.o [4]
TIM_TI1_ConfigInputStage
                         0x800'3005   0x24  Code  Lc  stm32g0xx_hal_tim.o [4]
TIM_TI2_ConfigInputStage
                         0x800'3029   0x26  Code  Lc  stm32g0xx_hal_tim.o [4]
Tick                    0x2000'0288    0x2  Data  ??  App_RAM.o [2]
TxBuffer                0x2000'0228   0x1c  Data  ??  App_RAM.o [2]
USART1_IRQHandler        0x800'3585    0x2  Code  ??  stm32g0xx_it.o [2]
USART2_IRQHandler        0x800'3587   0x9c  Code  ??  stm32g0xx_it.o [2]
USART2_IRQHandler::RcvCnt_GNSS
                        0x2000'02d4    0x1  Data  Lc  stm32g0xx_it.o [2]
USART_PRESCALER_TAB      0x800'3870   0x30  Data  Lc  stm32g0xx_ll_usart.o [4]
WWDG_IRQHandler          0x800'157f         Code  Wk  startup_stm32g030xx.o [3]
Write_Config             0x800'0bbd   0xaa  Code  ??  Misc_Functions.o [2]
Write_RTC                0x800'136b   0x70  Code  ??  I2C_RTC.o [2]
__ICFEDIT_region_RAM_end__ {Abs}
                        0x2000'1fff         Data  ??  <internal module>
__ICFEDIT_region_RAM_start__ {Abs}
                        0x2000'0000         Data  ??  <internal module>
__NVIC_EnableIRQ         0x800'3101   0x18  Code  Lc  stm32g0xx_hal_cortex.o [4]
__NVIC_EnableIRQ         0x800'2771   0x18  Code  Lc  usart.o [2]
__NVIC_SetPriority       0x800'3119   0x8c  Code  Lc  stm32g0xx_hal_cortex.o [4]
__NVIC_SetPriority       0x800'2789   0x8c  Code  Lc  usart.o [2]
__aeabi_idiv             0x800'147d         Code  ??  I32DivModFast.o [6]
__aeabi_idiv0            0x800'1dd1         Code  ??  IntDivZer.o [6]
__aeabi_idivmod          0x800'147d         Code  ??  I32DivModFast.o [6]
__aeabi_memset           0x800'1531         Code  ??  ABImemset.o [6]
__aeabi_uidiv            0x800'1483         Code  ??  I32DivModFast.o [6]
__aeabi_uidivmod         0x800'1483         Code  ??  I32DivModFast.o [6]
__cmain                  0x800'3945         Code  ??  cmain.o [6]
__exit                   0x800'397d   0x14  Code  ??  exit.o [7]
__iar_Memset4_word       0x800'1551         Code  ??  ABImemset.o [6]
__iar_Memset_word        0x800'153d         Code  ??  ABImemset.o [6]
__iar_Strchr             0x800'374d         Code  ??  strchr.o [6]
__iar_copy_init3         0x800'38a1   0x30  Code  ??  copy_init3.o [6]
__iar_data_init3         0x800'38d1   0x18  Code  ??  data_init.o [6]
__iar_program_start      0x800'3991         Code  ??  cstartup_M.o [6]
__iar_zero_init3         0x800'3835   0x3c  Code  ??  zero_init3.o [6]
__low_level_init         0x800'3963    0x4  Code  ??  low_level_init.o [5]
__vector_table           0x800'0000         Data  ??  startup_stm32g030xx.o [3]
_call_main               0x800'3951         Code  ??  cmain.o [6]
_exit                    0x800'3971         Code  ??  cexit.o [6]
exit                     0x800'3967    0x8  Code  ??  exit.o [5]
gTime                   0x2000'0260   0x14  Data  ??  App_RAM.o [2]
hrtc                    0x2000'01fc   0x2c  Data  ??  rtc.o [2]
htim3                   0x2000'01b0   0x4c  Data  ??  tim.o [2]
main                     0x800'20e9   0x54  Code  ??  main.o [2]
pFlash                  0x2000'0244   0x1c  Data  ??  stm32g0xx_hal_flash.o [4]
strchr                   0x800'374d         Code  ??  strchr.o [6]
strcpy                   0x800'36d9         Code  ??  strcpy.o [6]
strstr                   0x800'36a9   0x2e  Code  ??  strstr.o [5]
uwTick                  0x2000'0284    0x4  Data  ??  stm32g0xx_hal.o [4]
uwTickFreq              0x2000'004c    0x1  Data  ??  stm32g0xx_hal.o [4]
uwTickPrio              0x2000'0000    0x4  Data  ??  stm32g0xx_hal.o [4]


[1] = C:\Users\HP\Desktop\Office_Clock\Updated code\OFFICE_CLOCK_SURYA\OFFICE_CLOCK_SURYA\EWARM\OFFICE_CLOCK_SURYA\Obj\CMSIS_6603591812247902717.dir
[2] = C:\Users\HP\Desktop\Office_Clock\Updated code\OFFICE_CLOCK_SURYA\OFFICE_CLOCK_SURYA\EWARM\OFFICE_CLOCK_SURYA\Obj\Core_13247989168731456611.dir
[3] = C:\Users\HP\Desktop\Office_Clock\Updated code\OFFICE_CLOCK_SURYA\OFFICE_CLOCK_SURYA\EWARM\OFFICE_CLOCK_SURYA\Obj\EWARM_18443280873093131863.dir
[4] = C:\Users\HP\Desktop\Office_Clock\Updated code\OFFICE_CLOCK_SURYA\OFFICE_CLOCK_SURYA\EWARM\OFFICE_CLOCK_SURYA\Obj\STM32G0xx_HAL_Driver_14800413719917403617.dir
[5] = dl6M_tlf.a
[6] = rt6M_tl.a
[7] = shb_l.a

  14'476 bytes of readonly  code memory
      68 bytes of readwrite code memory
     338 bytes of readonly  data memory
   1'678 bytes of readwrite data memory

Errors: none
Warnings: none
